# serializer version: 1
# name: test_run_renders_and_executes_multiple_actions
  list([
    dict({
      'details': dict({
        'action': 'light.turn_on',
        'data': dict({
          'brightness': 20,
          'entity_id': 'light.kitchen',
        }),
        'target': dict({
          'entity_id': 'light.kitchen',
        }),
      }),
      'error': None,
      'message': 'Action executed.',
    }),
    dict({
      'details': dict({
        'action': 'bad-value',
        'error': 'Invalid service action.',
      }),
      'error': 'Invalid service action.',
      'message': 'Action failed.',
    }),
  ])
# ---
