# serializer version: 1
# name: test_history_entry_contract_snapshot
  dict({
    'alert_id': 'alert_1',
    'alert_name': 'Alert',
    'details': dict({
      'attempt': 2,
    }),
    'flow_id': 'flow_alert_1_test',
    'id': '<history_id>',
    'message': 'Notification sent.',
    'timestamp': '2026-01-01T00:00:00+00:00',
    'type': 'notification_sent',
  })
# ---
