// Vitest Snapshot v1, https://vitest.dev/guide/snapshot.html

exports[`buildAlertPayload > omits the delivery action when recipients are selected 1`] = `
{
  "conditions": [
    {
      "template": "{{ true }}",
      "type": "template",
    },
  ],
  "confirmation": {
    "actions": {
      "enabled": false,
      "items": [],
    },
    "button": "",
    "enabled": false,
    "notification": {
      "clear": true,
      "enabled": false,
      "message": "",
    },
    "reminders": {
      "interval": 1800,
      "max_attempts": 5,
      "show_attempts": false,
    },
  },
  "description": "",
  "enabled": true,
  "icon": "mdi:bell-outline",
  "id": "test_alert",
  "monitor": {
    "on_change": true,
    "startup": true,
  },
  "name": "Front door open",
  "notification": {
    "message": "The front door is open.",
    "target": {
      "entity_id": [
        "notify.mobile_app_phone",
      ],
    },
    "title": "Alert",
  },
}
`;
