// Vitest Snapshot v1, https://vitest.dev/guide/snapshot.html

exports[`formatLocalDateTime > returns a placeholder for missing timestamps 1`] = `"—"`;

exports[`formatLocalDateTime > uses the user date and time format settings 1`] = `
[
  "15/09/2026, 22:33:33",
  "09/15/2026, 10:33 PM",
  "2026/09/15, 22:33",
]
`;
