// Vitest Snapshot v1, https://vitest.dev/guide/snapshot.html

exports[`durationInputValue > normalizes HH:MM input 1`] = `"01:30:00"`;

exports[`durationInputValue > normalizes long HH:MM:SS input 1`] = `"100:00:00"`;

exports[`durationInputValue > normalizes missing values input 1`] = `"00:30:00"`;

exports[`durationInputValue > normalizes native days input 1`] = `"51:04:05"`;

exports[`durationInputValue > normalizes object values input 1`] = `"01:05:09"`;

exports[`enabledLabel > reflects the enabled flag 1`] = `
[
  "Enabled",
  "Disabled",
]
`;
