// Vitest Snapshot v1, https://vitest.dev/guide/snapshot.html

exports[`YAML view > renders the registered view and loads configuration 1`] = `
{
  "buttons": [
    "Copy",
    "Validate",
    "Reload",
    "Save YAML",
  ],
  "editor": {
    "ariaLabel": "HA Notifications YAML",
    "language": "yaml",
    "mode": "yaml",
    "value": "version: 1
alerts: []
",
  },
}
`;
